// Jest Snapshot v1, https://goo.gl/fbAQLP

exports[`<Main/> should render the colors correctly 1`] = `
.c0 {
  -webkit-align-items: center;
  -webkit-box-align: center;
  -ms-flex-align: center;
  align-items: center;
  background-color: #222c59;
  color: #fff;
  display: -webkit-box;
  display: -webkit-flex;
  display: -ms-flexbox;
  display: flex;
  -webkit-flex-direction: column;
  -ms-flex-direction: column;
  flex-direction: column;
  width: 100%;
  height: 100%;
  -webkit-box-pack: center;
  -webkit-justify-content: center;
  -ms-flex-pack: center;
  justify-content: center;
  padding: 3rem;
  text-align: center;
}

.c1 {
  margin-bottom: 3rem;
  width: 40rem;
}

.c2 {
  font-size: 2.5rem;
  font-weight: 400;
  line-height: 4rem;
  max-width: 60rem;
}

<main
  class="c0"
>
  <img
    alt="Logo da Hello Codes"
    class="c1"
    src="/img/logo-dark.png"
  />
  <h2
    class="c2"
  >
    A 
    <b>
      NextJS
    </b>
     boilerplate with Typescript, Babel, Storybook, Jest, React Testing Library, Eslint, Husky, Lint Staged and Plop.
  </h2>
</main>
`;
